b@DESKTOP-D5LQ8U1:/mnt/d_wsl/actions-runner/_work/assignment-6-brennennen/assignment-6-brennennen$ ./full-test.sh
starting test with SKIP_BUILD="" and DO_VALIDATE=""
Running test with user b
Executing assignment test script
starting test with SKIP_BUILD  and DO_VALIDATE
/mnt/d_wsl/actions-runner/_work/assignment-6-brennennen/assignment-6-brennennen /mnt/d_wsl/actions-runner/_work/assignment-6-brennennen/assignment-6-brennennen/assignment-autotest/test/assignment6-yocto
Private key is not set, attempts to clone may fail
Or CI environment may have setup SSH authentication already...
Running as:
b
# github.com:22 SSH-2.0-48ecf9ce5
# github.com:22 SSH-2.0-48ecf9ce5
# github.com:22 SSH-2.0-48ecf9ce5
# github.com:22 SSH-2.0-48ecf9ce5
# github.com:22 SSH-2.0-48ecf9ce5
Added known host github.com:
Running build.sh
Synchronizing submodule url for 'assignment-autotest'
Synchronizing submodule url for 'poky'
This is the default build configuration for the Poky reference distribution.

### Shell environment set up for builds. ###

You can now run 'bitbake <target>'

Common targets are:
    core-image-minimal
    core-image-full-cmdline
    core-image-sato
    core-image-weston
    meta-toolchain
    meta-ide-support

You can also run generated qemu images with a command like 'runqemu qemux86-64'.

Other commonly useful commands are:
 - 'devtool' and 'recipetool' handle common recipe tasks
 - 'bitbake-layers' handles common layer tasks
 - 'oe-pkgdata-util' handles common target package tasks
MACHINE = "qemuarm64" already exists in the local.conf file
meta-aesd layer already exists
WARNING: You are running bitbake under WSLv2, this works properly but you should optimize your VHDX file eventually to avoid running out of storage space
Loading cache...done.
Loaded 0 entries from dependency cache.
Parsing recipes...done.
Parsing of 918 .bb files complete (0 cached, 918 parsed). 1869 targets, 61 skipped, 0 masked, 0 errors.
NOTE: Resolving any missing task queue dependencies

Build Configuration:
BB_VERSION           = "2.9.1"
BUILD_SYS            = "x86_64-linux"
NATIVELSBSTRING      = "universal"
TARGET_SYS           = "aarch64-poky-linux"
MACHINE              = "qemuarm64"
DISTRO               = "poky"
DISTRO_VERSION       = "5.1.2"
TUNE_FEATURES        = "aarch64 crc cortexa57"
TARGET_FPU           = ""
meta
meta-poky
meta-yocto-bsp       = "HEAD:5710ed935495abd48131411bff30159d5e408235"
meta-aesd            = "main:96db1488d1a83dc34e6e0b914f6c4edc59af6b9e"

Initialising tasks...Sstate summary: Wanted 0 Local 0 Mirrors 0 Missed 0 Current 2701 (0% match, 100% complete)
done.
NOTE: Executing Tasks
NOTE: Tasks Summary: Attempted 5582 tasks of which 5582 didn't need to be rerun and all succeeded.

Summary: There was 1 WARNING message.
/mnt/d_wsl/actions-runner/_work/assignment-6-brennennen/assignment-6-brennennen/assignment-autotest/test/assignment6-yocto
Starting validation step
/mnt/d_wsl/actions-runner/_work/assignment-6-brennennen/assignment-6-brennennen /mnt/d_wsl/actions-runner/_work/assignment-6-brennennen/assignment-6-brennennen/assignment-autotest/test/assignment6-yocto
Executing runqemu.sh in background
# Host [localhost]:10022 found: line 20
/home/b/.ssh/known_hosts updated.
Original contents retained as /home/b/.ssh/known_hosts.old
Waiting for qemu to startup
This is the default build configuration for the Poky reference distribution.

### Shell environment set up for builds. ###

You can now run 'bitbake <target>'

Common targets are:
    core-image-minimal
    core-image-full-cmdline
    core-image-sato
    core-image-weston
    meta-toolchain
    meta-ide-support

You can also run generated qemu images with a command like 'runqemu qemux86-64'.

Other commonly useful commands are:
 - 'devtool' and 'recipetool' handle common recipe tasks
 - 'bitbake-layers' handles common layer tasks
 - 'oe-pkgdata-util' handles common target package tasks
runqemu - INFO - Running bitbake -e  ...
runqemu - INFO - Continuing with the following parameters:
KERNEL: [/mnt/d_wsl/actions-runner/_work/assignment-6-brennennen/assignment-6-brennennen/build/tmp/deploy/images/qemuarm64/Image]
MACHINE: [qemuarm64]
FSTYPE: [ext4]
ROOTFS: [/mnt/d_wsl/actions-runner/_work/assignment-6-brennennen/assignment-6-brennennen/build/tmp/deploy/images/qemuarm64/core-image-aesd-qemuarm64.rootfs-20250223112325.ext4]
CONFFILE: [/mnt/d_wsl/actions-runner/_work/assignment-6-brennennen/assignment-6-brennennen/build/tmp/deploy/images/qemuarm64/core-image-aesd-qemuarm64.rootfs-20250223112325.qemuboot.conf]

runqemu - INFO - Network configuration: ip=dhcp
runqemu - INFO - Port forward: hostfwd=tcp::10022-:22 hostfwd=tcp::9000-:9000
runqemu - INFO - Running /mnt/d_wsl/actions-runner/_work/assignment-6-brennennen/assignment-6-brennennen/build/tmp/work/x86_64-linux/qemu-helper-native/1.0/recipe-sysroot-native/usr/bin/qemu-system-aarch64 -device virtio-net-pci,netdev=net0,mac=52:54:00:12:35:02 -netdev user,id=net0,hostfwd=tcp::10022-:22,hostfwd=tcp::9000-:9000 -object rng-random,filename=/dev/urandom,id=rng0 -device virtio-rng-pci,rng=rng0 -drive id=disk0,file=/mnt/d_wsl/actions-runner/_work/assignment-6-brennennen/assignment-6-brennennen/build/tmp/deploy/images/qemuarm64/core-image-aesd-qemuarm64.rootfs-20250223112325.ext4,if=none,format=raw -device virtio-blk-pci,drive=disk0 -device qemu-xhci -device usb-tablet -device usb-kbd  -machine virt -cpu cortex-a57 -smp 4 -m 256 -serial mon:stdio -serial null -nographic -device virtio-gpu-pci -kernel /mnt/d_wsl/actions-runner/_work/assignment-6-brennennen/assignment-6-brennennen/build/tmp/deploy/images/qemuarm64/Image -append 'root=/dev/vda rw  mem=256M ip=dhcp console=ttyAMA0 console=hvc0 swiotlb=0 '

runqemu - INFO - Host uptime: 160592.31

still waiting for qemu to startup... last attempt returned 255 with output
ssh: connect to host localhost port 10022: Connection refused
[    0.000000] Booting Linux on physical CPU 0x0000000000 [0x411fd070]
[    0.000000] Linux version 6.10.14-yocto-standard (oe-user@oe-host) (aarch64-poky-linux-gcc (GCC) 14.2.0, GNU ld (GNU Binutils) 2.43.1.20241111) #1 SMP PREEMPT Mon Oct 14 13:27:18 UTC 2024
[    0.000000] random: crng init done
[    0.000000] Machine model: linux,dummy-virt
[    0.000000] Memory limited to 256MB
[    0.000000] efi: UEFI not found.
[    0.000000] Zone ranges:
[    0.000000]   DMA      [mem 0x0000000040000000-0x000000004fffffff]
[    0.000000]   DMA32    empty
[    0.000000]   Normal   empty
[    0.000000] Movable zone start for each node
[    0.000000] Early memory node ranges
[    0.000000]   node   0: [mem 0x0000000040000000-0x000000004fffffff]
[    0.000000] Initmem setup node 0 [mem 0x0000000040000000-0x000000004fffffff]
[    0.000000] psci: probing for conduit method from DT.
[    0.000000] psci: PSCIv1.1 detected in firmware.
[    0.000000] psci: Using standard PSCI v0.2 function IDs
[    0.000000] psci: Trusted OS migration not required
[    0.000000] psci: SMC Calling Convention v1.0
[    0.000000] percpu: Embedded 28 pages/cpu s76456 r8192 d30040 u114688
[    0.000000] Detected PIPT I-cache on CPU0
[    0.000000] CPU features: detected: Spectre-v2
[    0.000000] CPU features: detected: Spectre-v4
[    0.000000] CPU features: detected: Spectre-BHB
[    0.000000] CPU features: detected: ARM erratum 1742098
[    0.000000] CPU features: detected: ARM erratum 832075
[    0.000000] CPU features: detected: ARM errata 1165522, 1319367, or 1530923
[    0.000000] alternatives: applying boot alternatives
[    0.000000] Kernel command line: root=/dev/vda rw  mem=256M ip=dhcp console=ttyAMA0 console=hvc0 swiotlb=0
[    0.000000] Dentry cache hash table entries: 32768 (order: 6, 262144 bytes, linear)
[    0.000000] Inode-cache hash table entries: 16384 (order: 5, 131072 bytes, linear)
[    0.000000] Built 1 zonelists, mobility grouping on.  Total pages: 65536
[    0.000000] mem auto-init: stack:all(zero), heap alloc:off, heap free:off
[    0.000000] software IO TLB: area num 4.
[    0.000000] software IO TLB: SWIOTLB bounce buffer size roundup to 1MB
[    0.000000] software IO TLB: mapped [mem 0x000000004f657000-0x000000004f757000] (1MB)
[    0.000000] Memory: 229284K/262144K available (13888K kernel code, 2078K rwdata, 3348K rodata, 1792K init, 697K bss, 32860K reserved, 0K cma-reserved)
[    0.000000] SLUB: HWalign=64, Order=0-3, MinObjects=0, CPUs=4, Nodes=1
[    0.000000] ftrace: allocating 42083 entries in 165 pages
[    0.000000] ftrace: allocated 165 pages with 4 groups
[    0.000000] trace event string verifier disabled
[    0.000000] rcu: Preemptible hierarchical RCU implementation.
[    0.000000] rcu:     RCU event tracing is enabled.
[    0.000000] rcu:     RCU restricting CPUs from NR_CPUS=512 to nr_cpu_ids=4.
[    0.000000]  Trampoline variant of Tasks RCU enabled.
[    0.000000]  Rude variant of Tasks RCU enabled.
[    0.000000]  Tracing variant of Tasks RCU enabled.
[    0.000000] rcu: RCU calculated value of scheduler-enlistment delay is 25 jiffies.
[    0.000000] rcu: Adjusting geometry for rcu_fanout_leaf=16, nr_cpu_ids=4
[    0.000000] RCU Tasks: Setting shift to 2 and lim to 1 rcu_task_cb_adjust=1 rcu_task_cpu_ids=4.
[    0.000000] RCU Tasks Rude: Setting shift to 2 and lim to 1 rcu_task_cb_adjust=1 rcu_task_cpu_ids=4.
[    0.000000] RCU Tasks Trace: Setting shift to 2 and lim to 1 rcu_task_cb_adjust=1 rcu_task_cpu_ids=4.
[    0.000000] NR_IRQS: 64, nr_irqs: 64, preallocated irqs: 0
[    0.000000] Root IRQ handler: gic_handle_irq
[    0.000000] GICv2m: range[mem 0x08020000-0x08020fff], SPI[80:143]
[    0.000000] rcu: srcu_init: Setting srcu_struct sizes based on contention.
[    0.000000] arch_timer: cp15 timer(s) running at 62.50MHz (virt).
[    0.000000] clocksource: arch_sys_counter: mask: 0x1ffffffffffffff max_cycles: 0x1cd42e208c, max_idle_ns: 881590405314 ns
[    0.000067] sched_clock: 57 bits at 63MHz, resolution 16ns, wraps every 4398046511096ns
[    0.017160] kfence: initialized - using 2097152 bytes for 255 objects at 0x(____ptrval____)-0x(____ptrval____)
[    0.024664] Console: colour dummy device 80x25
[    0.026145] Calibrating delay loop (skipped), value calculated using timer frequency.. 125.00 BogoMIPS (lpj=250000)
[    0.026350] pid_max: default: 32768 minimum: 301
[    0.027818] LSM: initializing lsm=capability,landlock
[    0.028326] landlock: Up and running.
[    0.031203] Mount-cache hash table entries: 512 (order: 0, 4096 bytes, linear)
[    0.031245] Mountpoint-cache hash table entries: 512 (order: 0, 4096 bytes, linear)
[    0.061202] cacheinfo: Unable to detect cache hierarchy for CPU 0
[    0.076241] rcu: Hierarchical SRCU implementation.
[    0.076295] rcu:     Max phase no-delay instances is 1000.
[    0.081165] EFI services will not be available.
[    0.082935] smp: Bringing up secondary CPUs ...
[    0.088080] Detected PIPT I-cache on CPU1
[    0.089425] CPU1: Booted secondary processor 0x0000000001 [0x411fd070]
[    0.094630] Detected PIPT I-cache on CPU2
[    0.095273] CPU2: Booted secondary processor 0x0000000002 [0x411fd070]
[    0.097875] Detected PIPT I-cache on CPU3
[    0.098366] CPU3: Booted secondary processor 0x0000000003 [0x411fd070]
[    0.099713] smp: Brought up 1 node, 4 CPUs
[    0.099778] SMP: Total of 4 processors activated.
[    0.099821] CPU: All CPU(s) started at EL1
[    0.099908] CPU features: detected: 32-bit EL0 Support
[    0.099983] CPU features: detected: CRC32 instructions
[    0.111085] alternatives: applying system-wide alternatives
[    0.169320] devtmpfs: initialized
[    0.191536] clocksource: jiffies: mask: 0xffffffff max_cycles: 0xffffffff, max_idle_ns: 7645041785100000 ns
[    0.192471] futex hash table entries: 1024 (order: 4, 65536 bytes, linear)
[    0.193684] 27264 pages in range for non-PLT usage
[    0.193745] 518784 pages in range for PLT usage
[    0.198438] DMI not present or invalid.
[    0.286469] NET: Registered PF_NETLINK/PF_ROUTE protocol family
[    0.293413] DMA: preallocated 128 KiB GFP_KERNEL pool for atomic allocations
[    0.293713] DMA: preallocated 128 KiB GFP_KERNEL|GFP_DMA pool for atomic allocations
[    0.293821] DMA: preallocated 128 KiB GFP_KERNEL|GFP_DMA32 pool for atomic allocations
[    0.300890] hw-breakpoint: found 6 breakpoint and 4 watchpoint registers.
[    0.302544] ASID allocator initialised with 65536 entries
[    0.303155] Serial: AMBA PL011 UART driver
[    0.339410] 9000000.pl011: ttyAMA0 at MMIO 0x9000000 (irq = 13, base_baud = 0) is a PL011 rev1
[    0.341197] printk: legacy console [ttyAMA0] enabled
[    0.464856] raid6: neonx8   gen()  3351 MB/s
[    0.535338] raid6: neonx4   gen()  2824 MB/s
[    0.606135] raid6: neonx2   gen()  2174 MB/s
[    0.676270] raid6: neonx1   gen()  1359 MB/s
[    0.746343] raid6: int64x8  gen()  1104 MB/s
[    0.816543] raid6: int64x4  gen()   832 MB/s
[    0.888254] raid6: int64x2  gen()  1547 MB/s
[    0.957533] raid6: int64x1  gen()  1231 MB/s
[    0.958357] raid6: using algorithm neonx8 gen() 3351 MB/s
[    1.027796] raid6: .... xor() 1068 MB/s, rmw enabled
[    1.028077] raid6: using neon recovery algorithm
[    1.031037] iommu: Default domain type: Translated
[    1.031251] iommu: DMA domain TLB invalidation policy: strict mode
[    1.034319] SCSI subsystem initialized
[    1.035010] usbcore: registered new interface driver usbfs
[    1.035412] usbcore: registered new interface driver hub
[    1.035734] usbcore: registered new device driver usb
[    1.036363] pps_core: LinuxPPS API ver. 1 registered
[    1.036528] pps_core: Software ver. 5.3.6 - Copyright 2005-2007 Rodolfo Giometti <giometti@linux.it>
[    1.036939] PTP clock support registered
[    1.053435] vgaarb: loaded
[    1.054897] clocksource: Switched to clocksource arch_sys_counter
[    1.108637] NET: Registered PF_INET protocol family
[    1.110358] IP idents hash table entries: 4096 (order: 3, 32768 bytes, linear)
[    1.119997] tcp_listen_portaddr_hash hash table entries: 256 (order: 0, 4096 bytes, linear)
[    1.120424] Table-perturb hash table entries: 65536 (order: 6, 262144 bytes, linear)
[    1.120809] TCP established hash table entries: 2048 (order: 2, 16384 bytes, linear)
[    1.121565] TCP bind hash table entries: 2048 (order: 4, 65536 bytes, linear)
[    1.122007] TCP: Hash tables configured (established 2048 bind 2048)
[    1.124389] UDP hash table entries: 256 (order: 1, 8192 bytes, linear)
[    1.124889] UDP-Lite hash table entries: 256 (order: 1, 8192 bytes, linear)
[    1.127118] NET: Registered PF_UNIX/PF_LOCAL protocol family
[    1.131499] RPC: Registered named UNIX socket transport module.
[    1.131755] RPC: Registered udp transport module.
[    1.131942] RPC: Registered tcp transport module.
[    1.132101] RPC: Registered tcp-with-tls transport module.
[    1.132366] RPC: Registered tcp NFSv4.1 backchannel transport module.
[    1.132918] PCI: CLS 0 bytes, default 64
[    1.144881] workingset: timestamp_bits=46 max_order=16 bucket_order=0
[    1.149325] NFS: Registering the id_resolver key type
[    1.152955] Key type id_resolver registered
[    1.153160] Key type id_legacy registered
[    1.158304] Key type cifs.idmap registered
[    1.225215] xor: measuring software checksum speed
[    1.226534]    8regs           :  3151 MB/sec
[    1.228893]    32regs          :  3101 MB/sec
[    1.230603]    arm64_neon      :  2136 MB/sec
[    1.231237] xor: using function: 8regs (3151 MB/sec)
[    1.231807] Block layer SCSI generic (bsg) driver version 0.4 loaded (major 250)
[    1.232239] io scheduler mq-deadline registered
[    1.232611] io scheduler kyber registered
[    1.236941] pci-host-generic 4010000000.pcie: host bridge /pcie@10000000 ranges:
[    1.238051] pci-host-generic 4010000000.pcie:       IO 0x003eff0000..0x003effffff -> 0x0000000000
[    1.239472] pci-host-generic 4010000000.pcie:      MEM 0x0010000000..0x003efeffff -> 0x0010000000
[    1.239800] pci-host-generic 4010000000.pcie:      MEM 0x8000000000..0xffffffffff -> 0x8000000000
[    1.240961] pci-host-generic 4010000000.pcie: Memory resource size exceeds max for 32 bits
[    1.241723] pci-host-generic 4010000000.pcie: ECAM at [mem 0x4010000000-0x401fffffff] for [bus 00-ff]
[    1.243611] pci-host-generic 4010000000.pcie: PCI host bridge to bus 0000:00
[    1.244041] pci_bus 0000:00: root bus resource [bus 00-ff]
[    1.244286] pci_bus 0000:00: root bus resource [io  0x0000-0xffff]
[    1.244532] pci_bus 0000:00: root bus resource [mem 0x10000000-0x3efeffff]
[    1.244758] pci_bus 0000:00: root bus resource [mem 0x8000000000-0xffffffffff]
[    1.246427] pci 0000:00:00.0: [1b36:0008] type 00 class 0x060000 conventional PCI endpoint
[    1.252276] pci 0000:00:01.0: [1af4:1000] type 00 class 0x020000 conventional PCI endpoint
[    1.252794] pci 0000:00:01.0: BAR 0 [io  0x0000-0x001f]
[    1.253025] pci 0000:00:01.0: BAR 1 [mem 0x00000000-0x00000fff]
[    1.253334] pci 0000:00:01.0: BAR 4 [mem 0x00000000-0x00003fff 64bit pref]
[    1.253677] pci 0000:00:01.0: ROM [mem 0x00000000-0x0003ffff pref]
[    1.254354] pci 0000:00:02.0: [1af4:1005] type 00 class 0x00ff00 conventional PCI endpoint
[    1.255142] pci 0000:00:02.0: BAR 0 [io  0x0000-0x001f]
[    1.255654] pci 0000:00:02.0: BAR 1 [mem 0x00000000-0x00000fff]
[    1.257276] pci 0000:00:02.0: BAR 4 [mem 0x00000000-0x00003fff 64bit pref]
[    1.258177] pci 0000:00:03.0: [1af4:1001] type 00 class 0x010000 conventional PCI endpoint
[    1.258508] pci 0000:00:03.0: BAR 0 [io  0x0000-0x007f]
[    1.259890] pci 0000:00:03.0: BAR 1 [mem 0x00000000-0x00000fff]
[    1.260097] pci 0000:00:03.0: BAR 4 [mem 0x00000000-0x00003fff 64bit pref]
[    1.261381] pci 0000:00:04.0: [1b36:000d] type 00 class 0x0c0330 PCIe Root Complex Integrated Endpoint
[    1.261857] pci 0000:00:04.0: BAR 0 [mem 0x00000000-0x00003fff 64bit]
[    1.263263] pci 0000:00:05.0: [1af4:1050] type 00 class 0x038000 conventional PCI endpoint
[    1.263555] pci 0000:00:05.0: BAR 1 [mem 0x00000000-0x00000fff]
[    1.263766] pci 0000:00:05.0: BAR 4 [mem 0x00000000-0x00003fff 64bit pref]
[    1.266301] pci 0000:00:01.0: ROM [mem 0x10000000-0x1003ffff pref]: assigned
[    1.267948] pci 0000:00:01.0: BAR 4 [mem 0x8000000000-0x8000003fff 64bit pref]: assigned
[    1.268596] pci 0000:00:02.0: BAR 4 [mem 0x8000004000-0x8000007fff 64bit pref]: assigned
[    1.269306] pci 0000:00:03.0: BAR 4 [mem 0x8000008000-0x800000bfff 64bit pref]: assigned
[    1.270339] pci 0000:00:04.0: BAR 0 [mem 0x800000c000-0x800000ffff 64bit]: assigned
[    1.272732] pci 0000:00:05.0: BAR 4 [mem 0x8000010000-0x8000013fff 64bit pref]: assigned
[    1.275379] pci 0000:00:01.0: BAR 1 [mem 0x10040000-0x10040fff]: assigned
[    1.275766] pci 0000:00:02.0: BAR 1 [mem 0x10041000-0x10041fff]: assigned
[    1.276119] pci 0000:00:03.0: BAR 1 [mem 0x10042000-0x10042fff]: assigned
[    1.276683] pci 0000:00:05.0: BAR 1 [mem 0x10043000-0x10043fff]: assigned
[    1.277186] pci 0000:00:03.0: BAR 0 [io  0x1000-0x107f]: assigned
[    1.277590] pci 0000:00:01.0: BAR 0 [io  0x1080-0x109f]: assigned
[    1.277860] pci 0000:00:02.0: BAR 0 [io  0x10a0-0x10bf]: assigned
[    1.280080] pci 0000:00:04.0: enabling device (0000 -> 0002)
[    1.289359] virtio-pci 0000:00:01.0: enabling device (0000 -> 0003)
[    1.293971] virtio-pci 0000:00:02.0: enabling device (0000 -> 0003)
[    1.297582] virtio-pci 0000:00:03.0: enabling device (0000 -> 0003)
[    1.301078] virtio-pci 0000:00:05.0: enabling device (0000 -> 0002)
[    1.324249] [drm] pci: virtio-gpu-pci detected at 0000:00:05.0
[    1.325145] [drm] features: -virgl +edid -resource_blob -host_visible
[    1.325189] [drm] features: -context_init
[    1.327020] [drm] number of scanouts: 1
[    1.327188] [drm] number of cap sets: 0
[    1.340848] [drm] Initialized virtio_gpu 0.1.0 0 for 0000:00:05.0 on minor 0
[    1.409827] Console: switching to colour frame buffer device 160x50
[    1.417531] virtio-pci 0000:00:05.0: [drm] fb0: virtio_gpudrmfb frame buffer device
[    1.455791] brd: module loaded
[    1.456608] virtio_blk virtio2: 4/0/0 default/read/poll queues
[    1.466124] virtio_blk virtio2: [vda] 209904 512-byte logical blocks (107 MB/102 MiB)
[    1.486769] xhci_hcd 0000:00:04.0: xHCI Host Controller
[    1.488407] xhci_hcd 0000:00:04.0: new USB bus registered, assigned bus number 1
[    1.493330] xhci_hcd 0000:00:04.0: hcc params 0x00087001 hci version 0x100 quirks 0x0000000000000010
[    1.497414] xhci_hcd 0000:00:04.0: xHCI Host Controller
[    1.497640] xhci_hcd 0000:00:04.0: new USB bus registered, assigned bus number 2
[    1.498031] xhci_hcd 0000:00:04.0: Host supports USB 3.0 SuperSpeed
[    1.508732] hub 1-0:1.0: USB hub found
[    1.509608] hub 1-0:1.0: 4 ports detected
[    1.515280] usb usb2: We don't know the algorithms for LPM for this host, disabling LPM.
[    1.517726] hub 2-0:1.0: USB hub found
[    1.518159] hub 2-0:1.0: 4 ports detected
[    1.525800] rtc-pl031 9010000.pl031: registered as rtc0
[    1.527187] rtc-pl031 9010000.pl031: setting system clock to 2025-02-24T01:48:46 UTC (1740361726)
[    1.530298] device-mapper: ioctl: 4.48.0-ioctl (2023-03-01) initialised: dm-devel@lists.linux.dev
[    1.533995] usbcore: registered new interface driver usbhid
[    1.534234] usbhid: USB HID core driver
[    1.540146] hw perfevents: enabled with armv8_pmuv3 PMU driver, 7 counters available
[    1.541501] u32 classifier
[    1.541638]     input device check on
[    1.541767]     Actions configured
[    1.545587] NET: Registered PF_INET6 protocol family
[    1.556365] Segment Routing with IPv6
[    1.556760] In-situ OAM (IOAM) with IPv6
[    1.557781] sit: IPv6, IPv4 and MPLS over IPv4 tunneling driver
[    1.561488] NET: Registered PF_PACKET protocol family
[    1.562411] Bridge firewalling registered
[    1.564208] l2tp_core: L2TP core driver, V2.0
[    1.564484] Key type dns_resolver registered
[    1.565202] NET: Registered PF_VSOCK protocol family
[    1.586486] registered taskstats version 1
[    1.612261] Key type .fscrypt registered
[    1.612450] Key type fscrypt-provisioning registered
[    1.619909] Btrfs loaded, zoned=no, fsverity=no
[    1.641904] Key type encrypted registered
[    1.645244] printk: legacy console [netcon0] enabled
[    1.645508] netconsole: network logging started
[    1.695350] Sending DHCP requests ., OK
[    1.716527] IP-Config: Got DHCP answer from 10.0.2.2, my address is 10.0.2.15
[    1.717186] IP-Config: Complete:
[    1.717442]      device=eth0, hwaddr=52:54:00:12:35:02, ipaddr=10.0.2.15, mask=255.255.255.0, gw=10.0.2.2
[    1.718126]      host=10.0.2.15, domain=, nis-domain=(none)
[    1.718393]      bootserver=10.0.2.2, rootserver=10.0.2.2, rootpath=
[    1.718466]      nameserver0=10.0.2.3
[    1.725547] clk: Disabling unused clocks
[    1.725968] PM: genpd: Disabling unused power domains
[    1.731897] md: Waiting for all devices to be available before autodetect
[    1.732138] md: If you don't use raid, use raid=noautodetect
[    1.732651] md: Autodetecting RAID arrays.
[    1.732854] md: autorun ...
[    1.733103] md: ... autorun DONE.
[    1.784013] usb 1-1: new high-speed USB device number 2 using xhci_hcd
[    1.909910] EXT4-fs (vda): recovery complete
[    1.919592] EXT4-fs (vda): mounted filesystem 33d2e142-fc42-4f9f-8998-9840d63b685b r/w with ordered data mode. Quota mode: disabled.
[    1.921424] VFS: Mounted root (ext4 filesystem) on device 253:0.
[    1.925019] devtmpfs: mounted
[    1.959633] input: QEMU QEMU USB Tablet as /devices/platform/4010000000.pcie/pci0000:00/0000:00:04.0/usb1/1-1/1-1:1.0/0003:0627:0001.0001/input/input0
[    1.963833] hid-generic 0003:0627:0001.0001: input: USB HID v0.01 Mouse [QEMU QEMU USB Tablet] on usb-0000:00:04.0-1/input0
[    2.017556] Freeing unused kernel memory: 1792K
[    2.039994] Run /sbin/init as init process
[    2.094890] usb 1-2: new high-speed USB device number 3 using xhci_hcd
INIT: version 3.04 booting
[    2.272929] input: QEMU QEMU USB Keyboard as /devices/platform/4010000000.pcie/pci0000:00/0000:00:04.0/usb1/1-2/1-2:1.0/0003:0627:0001.0002/input/input1
[    2.337402] hid-generic 0003:0627:0001.0002: input: USB HID v1.11 Keyboard [QEMU QEMU USB Keyboard] on usb-0000:00:04.0-2/input0
Starting udev
[    2.874364] udevd[125]: starting version 3.2.14
[    2.976093] udevd[126]: starting eudev-3.2.14
[    3.684329] EXT4-fs (vda): re-mounted 33d2e142-fc42-4f9f-8998-9840d63b685b r/w. Quota mode: disabled.
ALSA: Restoring mixer settings...
Starting aesdsocket
INIT: Entering runlevel: 5
Configuring network interfaces... ip: RTNETLINK answers: File exists
Starting system message bus: dbus.
Starting OpenBSD Secure Shell server: sshd
done.
Starting rpcbind daemon...done.
Starting bluetooth: bluetoothd.
Starting syslogd/klogd: done
 * Starting Avahi mDNS/DNS-SD Daemon: avahi-daemon
   ...done.

Poky (Yocto Project Reference Distro) 5.1.2 qemuarm64 /dev/ttyAMA0

qemuarm64 login: still waiting for qemu to startup... last attempt returned 255 with output
kex_exchange_identification: read: Connection reset by peer
Connection reset by 127.0.0.1 port 10022
SSH login successful, waiting 40 additional seconds for process startup
/mnt/d_wsl/actions-runner/_work/assignment-6-brennennen/assignment-6-brennennen/assignment-autotest/test/assignment6-yocto /mnt/d_wsl/actions-runner/_work/assignment-6-brennennen/assignment-6-brennennen /mnt/d_wsl/actions-runner/_work/assignment-6-brennennen/assignment-6-brennennen/assignment-autotest/test/assignment6-yocto
Testing target localhost on port 9000
WARNING: tempfile is deprecated; consider using mktemp instead.
WARNING: tempfile is deprecated; consider using mktemp instead.
WARNING: tempfile is deprecated; consider using mktemp instead.
WARNING: tempfile is deprecated; consider using mktemp instead.
sending string abcdefg
WARNING: tempfile is deprecated; consider using mktemp instead.
WARNING: tempfile is deprecated; consider using mktemp instead.
WARNING: tempfile is deprecated; consider using mktemp instead.
sending string hijklmnop
WARNING: tempfile is deprecated; consider using mktemp instead.
WARNING: tempfile is deprecated; consider using mktemp instead.
WARNING: tempfile is deprecated; consider using mktemp instead.
sending string 1234567890
WARNING: tempfile is deprecated; consider using mktemp instead.
WARNING: tempfile is deprecated; consider using mktemp instead.
WARNING: tempfile is deprecated; consider using mktemp instead.
sending string 9876543210

Spawning three processes to ensure multithreaded writes work as expected
Process 1 writes One best book is equal to a hundred good friends, but one good friend is equal to a library
Process 2 writes If you want to shine like a sun, first burn like a sun
Process 3 writes Never stop fighting until you arrive at your destined place - that is, the unique you
Sending string One best book is equal to a hundred good friends, but one good friend is equal to a library from process 1: instance 1
Sending string If you want to shine like a sun, first burn like a sun from process 2: instance 1
Waiting for sends to compete on all processes
Sending string Never stop fighting until you arrive at your destined place - that is, the unique you from process 3: instance 1
Sending string One best book is equal to a hundred good friends, but one good friend is equal to a library from process 1: instance 2
Sending string Never stop fighting until you arrive at your destined place - that is, the unique you from process 3: instance 2
Sending string If you want to shine like a sun, first burn like a sun from process 2: instance 2
Sending string One best book is equal to a hundred good friends, but one good friend is equal to a library from process 1: instance 3
Sending string Never stop fighting until you arrive at your destined place - that is, the unique you from process 3: instance 3
Sending string If you want to shine like a sun, first burn like a sun from process 2: instance 3
Process 1 complete
Process 2 complete
Process 3 complete
WARNING: tempfile is deprecated; consider using mktemp instead.
multithreaded test complete with success

Testing the timer functionality
WARNING: tempfile is deprecated; consider using mktemp instead.
No of timestamps currently in server file: 4
No of timestamps expected after a delay of 21 seconds is 6
No of timestamps found in file: 6
Congrats! Tests completed with success
/mnt/d_wsl/actions-runner/_work/assignment-6-brennennen/assignment-6-brennennen /mnt/d_wsl/actions-runner/_work/assignment-6-brennennen/assignment-6-brennennen/assignment-autotest/test/assignment6-yocto
Killing qemu
/mnt/d_wsl/actions-runner/_work/assignment-6-brennennen/assignment-6-brennennen/assignment-autotest/test/assignment6-yocto
Test of assignment assignment6-yocto complete with success
b@DESKTOP-D5LQ8U1:/mnt/d_wsl/actions-runner/_work/assignment-6-brennennen/assignment-6-brennennen$ runqemu - INFO - Cleaning up
runqemu - INFO - Host uptime: 160669.16